GET http://localhost:8080/api/episodes/424242
Cookie: pf_session={}

404 Not Found
Content-Length: 14
Content-Type: application/json
Referrer-Policy: strict-origin-when-cross-origin
X-Content-Type-Options: nosniff
X-Download-Options: noopen
X-Frame-Options: SAMEORIGIN
X-Permitted-Cross-Domain-Policies: none
X-XSS-Protection: 1; mode=block

{"status":404}
